Scanning logs for warnings or errors...
2025-11-07T13:56:07.161503+00:00 ARPIT18 kernel: Failed to register legacy timer interrupt
2025-11-07T13:56:07.161571+00:00 ARPIT18 kernel: Speculative Return Stack Overflow: WARNING: See https://kernel.org/doc/html/latest/admin-guide/hw-vuln/srso.html for mitigation options.
2025-11-07T13:56:07.161882+00:00 ARPIT18 systemd[1]: apport-autoreport.path - Process error reports when automatic reporting is enabled (file watch) was skipped because of an unmet condition check (ConditionPathExists=/var/lib/apport/autoreport).
2025-11-07T13:56:07.161893+00:00 ARPIT18 systemd[1]: apport-autoreport.timer - Process error reports when automatic reporting is enabled (timer based) was skipped because of an unmet condition check (ConditionPathExists=/var/lib/apport/autoreport).
2025-11-07T13:56:07.163534+00:00 ARPIT18 kernel: ACPI: _OSC evaluation for CPUs failed, trying _PDC
2025-11-07T13:56:07.163641+00:00 ARPIT18 kernel: SGI XFS with ACLs, security attributes, realtime, verbose warnings, quota, no debug enabled
2025-11-07T13:56:07.163880+00:00 ARPIT18 kernel: RAS: Correctable Errors collector initialized.
2025-11-07T13:56:07.164364+00:00 ARPIT18 kernel: WSL (244) ERROR: CheckConnection: getaddrinfo() failed: -5
2025-11-07T13:56:07.164369+00:00 ARPIT18 kernel: misc dxg: dxgk: dxgkio_is_feature_enabled: Ioctl failed: -22
2025-11-07T13:56:07.164370+00:00 ARPIT18 kernel: WSL (2 - init-systemd(Ubuntu)) WARNING: /usr/share/zoneinfo/Asia/Calcutta not found. Is the tzdata package installed?
2025-11-07T13:56:07.164371+00:00 ARPIT18 kernel: Failed to connect to bus: No such file or directory
2025-11-07T13:56:07.164372+00:00 ARPIT18 kernel: misc dxg: dxgk: dxgkio_query_adapter_info: Ioctl failed: -22
2025-11-07T13:56:07.164377+00:00 ARPIT18 kernel: message repeated 2 times: [ misc dxg: dxgk: dxgkio_query_adapter_info: Ioctl failed: -22]
2025-11-07T13:56:07.164414+00:00 ARPIT18 kernel: misc dxg: dxgk: dxgkio_query_adapter_info: Ioctl failed: -2
2025-11-07T13:56:07.164540+00:00 ARPIT18 kernel: misc dxg: dxgk: dxgkio_query_adapter_info: Ioctl failed: -22
2025-11-07T13:56:07.164551+00:00 ARPIT18 kernel: message repeated 2 times: [ misc dxg: dxgk: dxgkio_query_adapter_info: Ioctl failed: -22]
2025-11-07T13:56:07.164554+00:00 ARPIT18 kernel: misc dxg: dxgk: dxgkio_query_adapter_info: Ioctl failed: -2
2025-11-07T13:56:07.164559+00:00 ARPIT18 kernel: Failed to connect to bus: No such file or directory
2025-11-07T13:56:07.164560+00:00 ARPIT18 kernel: Failed to connect to bus: No such file or directory
2025-11-07T13:56:07.340638+00:00 ARPIT18 snapd[188]: helpers.go:159: error trying to compare the snap system key: system-key missing on disk
2025-11-07T13:56:07.398713+00:00 ARPIT18 wsl-pro-service[191]: #033[33mWARNING#033[0m Daemon: could not connect to Windows Agent: could not get address: could not read agent port file "/mnt/c/Users/arpit/.ubuntupro/.address": open /mnt/c/Users/arpit/.ubuntupro/.address: no such file or directory
2025-11-07T13:56:08.403348+00:00 ARPIT18 wsl-pro-service[191]: #033[33mWARNING#033[0m Daemon: could not connect to Windows Agent: could not get address: could not read agent port file "/mnt/c/Users/arpit/.ubuntupro/.address": open /mnt/c/Users/arpit/.ubuntupro/.address: no such file or directory
2025-11-07T13:56:10.412507+00:00 ARPIT18 wsl-pro-service[191]: #033[33mWARNING#033[0m Daemon: could not connect to Windows Agent: could not get address: could not read agent port file "/mnt/c/Users/arpit/.ubuntupro/.address": open /mnt/c/Users/arpit/.ubuntupro/.address: no such file or directory
2025-11-07T13:56:14.419605+00:00 ARPIT18 wsl-pro-service[191]: #033[33mWARNING#033[0m Daemon: could not connect to Windows Agent: could not get address: could not read agent port file "/mnt/c/Users/arpit/.ubuntupro/.address": open /mnt/c/Users/arpit/.ubuntupro/.address: no such file or directory
2025-11-07T13:56:22.431069+00:00 ARPIT18 wsl-pro-service[191]: #033[33mWARNING#033[0m Daemon: could not connect to Windows Agent: could not get address: could not read agent port file "/mnt/c/Users/arpit/.ubuntupro/.address": open /mnt/c/Users/arpit/.ubuntupro/.address: no such file or directory
2025-11-07T13:56:38.450609+00:00 ARPIT18 wsl-pro-service[191]: #033[33mWARNING#033[0m Daemon: could not connect to Windows Agent: could not get address: could not read agent port file "/mnt/c/Users/arpit/.ubuntupro/.address": open /mnt/c/Users/arpit/.ubuntupro/.address: no such file or directory
2025-11-07T13:57:10.487303+00:00 ARPIT18 wsl-pro-service[191]: #033[33mWARNING#033[0m Daemon: could not connect to Windows Agent: could not get address: could not read agent port file "/mnt/c/Users/arpit/.ubuntupro/.address": open /mnt/c/Users/arpit/.ubuntupro/.address: no such file or directory
2025-11-07T13:58:10.574589+00:00 ARPIT18 wsl-pro-service[191]: #033[33mWARNING#033[0m Daemon: could not connect to Windows Agent: could not get address: could not read agent port file "/mnt/c/Users/arpit/.ubuntupro/.address": open /mnt/c/Users/arpit/.ubuntupro/.address: no such file or directory
2025-11-07T13:59:10.639796+00:00 ARPIT18 wsl-pro-service[191]: #033[33mWARNING#033[0m Daemon: could not connect to Windows Agent: could not get address: could not read agent port file "/mnt/c/Users/arpit/.ubuntupro/.address": open /mnt/c/Users/arpit/.ubuntupro/.address: no such file or directory
2025-11-07T14:00:10.746566+00:00 ARPIT18 wsl-pro-service[191]: #033[33mWARNING#033[0m Daemon: could not connect to Windows Agent: could not get address: could not read agent port file "/mnt/c/Users/arpit/.ubuntupro/.address": open /mnt/c/Users/arpit/.ubuntupro/.address: no such file or directory
2025-11-07T14:01:10.786393+00:00 ARPIT18 wsl-pro-service[191]: #033[33mWARNING#033[0m Daemon: could not connect to Windows Agent: could not get address: could not read agent port file "/mnt/c/Users/arpit/.ubuntupro/.address": open /mnt/c/Users/arpit/.ubuntupro/.address: no such file or directory
2025-11-07T14:02:10.868046+00:00 ARPIT18 wsl-pro-service[191]: #033[33mWARNING#033[0m Daemon: could not connect to Windows Agent: could not get address: could not read agent port file "/mnt/c/Users/arpit/.ubuntupro/.address": open /mnt/c/Users/arpit/.ubuntupro/.address: no such file or directory
2025-11-07T14:03:10.931819+00:00 ARPIT18 wsl-pro-service[191]: #033[33mWARNING#033[0m Daemon: could not connect to Windows Agent: could not get address: could not read agent port file "/mnt/c/Users/arpit/.ubuntupro/.address": open /mnt/c/Users/arpit/.ubuntupro/.address: no such file or directory
2025-11-07T14:04:11.005039+00:00 ARPIT18 wsl-pro-service[191]: #033[33mWARNING#033[0m Daemon: could not connect to Windows Agent: could not get address: could not read agent port file "/mnt/c/Users/arpit/.ubuntupro/.address": open /mnt/c/Users/arpit/.ubuntupro/.address: no such file or directory
2025-11-07T14:05:10.623418+00:00 ARPIT18 wsl-pro-service[191]: #033[33mWARNING#033[0m Daemon: could not connect to Windows Agent: could not get address: could not read agent port file "/mnt/c/Users/arpit/.ubuntupro/.address": open /mnt/c/Users/arpit/.ubuntupro/.address: no such file or directory
2025-11-07T14:06:10.203218+00:00 ARPIT18 wsl-pro-service[191]: #033[33mWARNING#033[0m Daemon: could not connect to Windows Agent: could not get address: could not read agent port file "/mnt/c/Users/arpit/.ubuntupro/.address": open /mnt/c/Users/arpit/.ubuntupro/.address: no such file or directory
2025-11-07T14:07:09.827267+00:00 ARPIT18 wsl-pro-service[191]: #033[33mWARNING#033[0m Daemon: could not connect to Windows Agent: could not get address: could not read agent port file "/mnt/c/Users/arpit/.ubuntupro/.address": open /mnt/c/Users/arpit/.ubuntupro/.address: no such file or directory
2025-11-07T14:08:09.489085+00:00 ARPIT18 wsl-pro-service[191]: #033[33mWARNING#033[0m Daemon: could not connect to Windows Agent: could not get address: could not read agent port file "/mnt/c/Users/arpit/.ubuntupro/.address": open /mnt/c/Users/arpit/.ubuntupro/.address: no such file or directory
2025-11-07T14:09:08.512825+00:00 ARPIT18 wsl-pro-service[191]: #033[33mWARNING#033[0m Daemon: could not connect to Windows Agent: could not get address: could not read agent port file "/mnt/c/Users/arpit/.ubuntupro/.address": open /mnt/c/Users/arpit/.ubuntupro/.address: no such file or directory
2025-11-07T14:10:07.479483+00:00 ARPIT18 wsl-pro-service[191]: #033[33mWARNING#033[0m Daemon: could not connect to Windows Agent: could not get address: could not read agent port file "/mnt/c/Users/arpit/.ubuntupro/.address": open /mnt/c/Users/arpit/.ubuntupro/.address: no such file or directory
2025-11-07T14:11:06.670126+00:00 ARPIT18 wsl-pro-service[191]: #033[33mWARNING#033[0m Daemon: could not connect to Windows Agent: could not get address: could not read agent port file "/mnt/c/Users/arpit/.ubuntupro/.address": open /mnt/c/Users/arpit/.ubuntupro/.address: no such file or directory
2025-11-07T14:12:06.108055+00:00 ARPIT18 wsl-pro-service[191]: #033[33mWARNING#033[0m Daemon: could not connect to Windows Agent: could not get address: could not read agent port file "/mnt/c/Users/arpit/.ubuntupro/.address": open /mnt/c/Users/arpit/.ubuntupro/.address: no such file or directory
2025-11-07T14:13:05.174824+00:00 ARPIT18 wsl-pro-service[191]: #033[33mWARNING#033[0m Daemon: could not connect to Windows Agent: could not get address: could not read agent port file "/mnt/c/Users/arpit/.ubuntupro/.address": open /mnt/c/Users/arpit/.ubuntupro/.address: no such file or directory
2025-11-07T14:14:04.167892+00:00 ARPIT18 wsl-pro-service[191]: #033[33mWARNING#033[0m Daemon: could not connect to Windows Agent: could not get address: could not read agent port file "/mnt/c/Users/arpit/.ubuntupro/.address": open /mnt/c/Users/arpit/.ubuntupro/.address: no such file or directory
2025-11-07T14:15:03.239827+00:00 ARPIT18 wsl-pro-service[191]: #033[33mWARNING#033[0m Daemon: could not connect to Windows Agent: could not get address: could not read agent port file "/mnt/c/Users/arpit/.ubuntupro/.address": open /mnt/c/Users/arpit/.ubuntupro/.address: no such file or directory
2025-11-07T14:16:02.071273+00:00 ARPIT18 wsl-pro-service[191]: #033[33mWARNING#033[0m Daemon: could not connect to Windows Agent: could not get address: could not read agent port file "/mnt/c/Users/arpit/.ubuntupro/.address": open /mnt/c/Users/arpit/.ubuntupro/.address: no such file or directory
2025-11-07T14:17:01.004508+00:00 ARPIT18 wsl-pro-service[191]: #033[33mWARNING#033[0m Daemon: could not connect to Windows Agent: could not get address: could not read agent port file "/mnt/c/Users/arpit/.ubuntupro/.address": open /mnt/c/Users/arpit/.ubuntupro/.address: no such file or directory
2025-11-07T14:18:00.599525+00:00 ARPIT18 wsl-pro-service[191]: #033[33mWARNING#033[0m Daemon: could not connect to Windows Agent: could not get address: could not read agent port file "/mnt/c/Users/arpit/.ubuntupro/.address": open /mnt/c/Users/arpit/.ubuntupro/.address: no such file or directory
2025-11-07T14:18:59.530172+00:00 ARPIT18 wsl-pro-service[191]: #033[33mWARNING#033[0m Daemon: could not connect to Windows Agent: could not get address: could not read agent port file "/mnt/c/Users/arpit/.ubuntupro/.address": open /mnt/c/Users/arpit/.ubuntupro/.address: no such file or directory
2025-11-07T14:19:58.437125+00:00 ARPIT18 wsl-pro-service[191]: #033[33mWARNING#033[0m Daemon: could not connect to Windows Agent: could not get address: could not read agent port file "/mnt/c/Users/arpit/.ubuntupro/.address": open /mnt/c/Users/arpit/.ubuntupro/.address: no such file or directory
2025-11-07T14:20:57.236300+00:00 ARPIT18 wsl-pro-service[191]: #033[33mWARNING#033[0m Daemon: could not connect to Windows Agent: could not get address: could not read agent port file "/mnt/c/Users/arpit/.ubuntupro/.address": open /mnt/c/Users/arpit/.ubuntupro/.address: no such file or directory
2025-11-07T14:21:56.016507+00:00 ARPIT18 wsl-pro-service[191]: #033[33mWARNING#033[0m Daemon: could not connect to Windows Agent: could not get address: could not read agent port file "/mnt/c/Users/arpit/.ubuntupro/.address": open /mnt/c/Users/arpit/.ubuntupro/.address: no such file or directory
2025-11-07T14:22:54.864780+00:00 ARPIT18 wsl-pro-service[191]: #033[33mWARNING#033[0m Daemon: could not connect to Windows Agent: could not get address: could not read agent port file "/mnt/c/Users/arpit/.ubuntupro/.address": open /mnt/c/Users/arpit/.ubuntupro/.address: no such file or directory
2025-11-07T14:23:53.688854+00:00 ARPIT18 wsl-pro-service[191]: #033[33mWARNING#033[0m Daemon: could not connect to Windows Agent: could not get address: could not read agent port file "/mnt/c/Users/arpit/.ubuntupro/.address": open /mnt/c/Users/arpit/.ubuntupro/.address: no such file or directory
2025-11-07T14:24:53.030043+00:00 ARPIT18 wsl-pro-service[191]: #033[33mWARNING#033[0m Daemon: could not connect to Windows Agent: could not get address: could not read agent port file "/mnt/c/Users/arpit/.ubuntupro/.address": open /mnt/c/Users/arpit/.ubuntupro/.address: no such file or directory
2025-11-07T14:25:51.917409+00:00 ARPIT18 wsl-pro-service[191]: #033[33mWARNING#033[0m Daemon: could not connect to Windows Agent: could not get address: could not read agent port file "/mnt/c/Users/arpit/.ubuntupro/.address": open /mnt/c/Users/arpit/.ubuntupro/.address: no such file or directory
2025-11-07T14:26:50.707603+00:00 ARPIT18 wsl-pro-service[191]: #033[33mWARNING#033[0m Daemon: could not connect to Windows Agent: could not get address: could not read agent port file "/mnt/c/Users/arpit/.ubuntupro/.address": open /mnt/c/Users/arpit/.ubuntupro/.address: no such file or directory
2025-11-07T14:27:49.538529+00:00 ARPIT18 wsl-pro-service[191]: #033[33mWARNING#033[0m Daemon: could not connect to Windows Agent: could not get address: could not read agent port file "/mnt/c/Users/arpit/.ubuntupro/.address": open /mnt/c/Users/arpit/.ubuntupro/.address: no such file or directory
2025-11-07T14:28:48.319744+00:00 ARPIT18 wsl-pro-service[191]: #033[33mWARNING#033[0m Daemon: could not connect to Windows Agent: could not get address: could not read agent port file "/mnt/c/Users/arpit/.ubuntupro/.address": open /mnt/c/Users/arpit/.ubuntupro/.address: no such file or directory
2025-11-07T14:29:47.138235+00:00 ARPIT18 wsl-pro-service[191]: #033[33mWARNING#033[0m Daemon: could not connect to Windows Agent: could not get address: could not read agent port file "/mnt/c/Users/arpit/.ubuntupro/.address": open /mnt/c/Users/arpit/.ubuntupro/.address: no such file or directory
2025-11-07T14:30:46.003362+00:00 ARPIT18 wsl-pro-service[191]: #033[33mWARNING#033[0m Daemon: could not connect to Windows Agent: could not get address: could not read agent port file "/mnt/c/Users/arpit/.ubuntupro/.address": open /mnt/c/Users/arpit/.ubuntupro/.address: no such file or directory
2025-11-07T14:31:45.432915+00:00 ARPIT18 wsl-pro-service[191]: #033[33mWARNING#033[0m Daemon: could not connect to Windows Agent: could not get address: could not read agent port file "/mnt/c/Users/arpit/.ubuntupro/.address": open /mnt/c/Users/arpit/.ubuntupro/.address: no such file or directory
2025-11-07T14:32:44.311347+00:00 ARPIT18 wsl-pro-service[191]: #033[33mWARNING#033[0m Daemon: could not connect to Windows Agent: could not get address: could not read agent port file "/mnt/c/Users/arpit/.ubuntupro/.address": open /mnt/c/Users/arpit/.ubuntupro/.address: no such file or directory
2025-11-07T14:33:43.138511+00:00 ARPIT18 wsl-pro-service[191]: #033[33mWARNING#033[0m Daemon: could not connect to Windows Agent: could not get address: could not read agent port file "/mnt/c/Users/arpit/.ubuntupro/.address": open /mnt/c/Users/arpit/.ubuntupro/.address: no such file or directory
2025-11-07T14:34:41.910105+00:00 ARPIT18 wsl-pro-service[191]: #033[33mWARNING#033[0m Daemon: could not connect to Windows Agent: could not get address: could not read agent port file "/mnt/c/Users/arpit/.ubuntupro/.address": open /mnt/c/Users/arpit/.ubuntupro/.address: no such file or directory
2025-11-07T14:35:40.743896+00:00 ARPIT18 wsl-pro-service[191]: #033[33mWARNING#033[0m Daemon: could not connect to Windows Agent: could not get address: could not read agent port file "/mnt/c/Users/arpit/.ubuntupro/.address": open /mnt/c/Users/arpit/.ubuntupro/.address: no such file or directory
2025-11-07T14:36:39.503315+00:00 ARPIT18 wsl-pro-service[191]: #033[33mWARNING#033[0m Daemon: could not connect to Windows Agent: could not get address: could not read agent port file "/mnt/c/Users/arpit/.ubuntupro/.address": open /mnt/c/Users/arpit/.ubuntupro/.address: no such file or directory
2025-11-07T14:37:38.409384+00:00 ARPIT18 wsl-pro-service[191]: #033[33mWARNING#033[0m Daemon: could not connect to Windows Agent: could not get address: could not read agent port file "/mnt/c/Users/arpit/.ubuntupro/.address": open /mnt/c/Users/arpit/.ubuntupro/.address: no such file or directory
2025-11-07T14:38:37.796746+00:00 ARPIT18 wsl-pro-service[191]: #033[33mWARNING#033[0m Daemon: could not connect to Windows Agent: could not get address: could not read agent port file "/mnt/c/Users/arpit/.ubuntupro/.address": open /mnt/c/Users/arpit/.ubuntupro/.address: no such file or directory
2025-11-07T14:39:36.715634+00:00 ARPIT18 wsl-pro-service[191]: #033[33mWARNING#033[0m Daemon: could not connect to Windows Agent: could not get address: could not read agent port file "/mnt/c/Users/arpit/.ubuntupro/.address": open /mnt/c/Users/arpit/.ubuntupro/.address: no such file or directory
2025-11-07T14:40:35.517444+00:00 ARPIT18 wsl-pro-service[191]: #033[33mWARNING#033[0m Daemon: could not connect to Windows Agent: could not get address: could not read agent port file "/mnt/c/Users/arpit/.ubuntupro/.address": open /mnt/c/Users/arpit/.ubuntupro/.address: no such file or directory
2025-11-07T14:41:34.265027+00:00 ARPIT18 wsl-pro-service[191]: #033[33mWARNING#033[0m Daemon: could not connect to Windows Agent: could not get address: could not read agent port file "/mnt/c/Users/arpit/.ubuntupro/.address": open /mnt/c/Users/arpit/.ubuntupro/.address: no such file or directory
2025-11-07T14:42:33.055073+00:00 ARPIT18 wsl-pro-service[191]: #033[33mWARNING#033[0m Daemon: could not connect to Windows Agent: could not get address: could not read agent port file "/mnt/c/Users/arpit/.ubuntupro/.address": open /mnt/c/Users/arpit/.ubuntupro/.address: no such file or directory
2025-11-07T14:43:31.839638+00:00 ARPIT18 wsl-pro-service[191]: #033[33mWARNING#033[0m Daemon: could not connect to Windows Agent: could not get address: could not read agent port file "/mnt/c/Users/arpit/.ubuntupro/.address": open /mnt/c/Users/arpit/.ubuntupro/.address: no such file or directory
2025-11-07T14:44:30.658673+00:00 ARPIT18 wsl-pro-service[191]: #033[33mWARNING#033[0m Daemon: could not connect to Windows Agent: could not get address: could not read agent port file "/mnt/c/Users/arpit/.ubuntupro/.address": open /mnt/c/Users/arpit/.ubuntupro/.address: no such file or directory
2025-11-07T14:45:30.076032+00:00 ARPIT18 wsl-pro-service[191]: #033[33mWARNING#033[0m Daemon: could not connect to Windows Agent: could not get address: could not read agent port file "/mnt/c/Users/arpit/.ubuntupro/.address": open /mnt/c/Users/arpit/.ubuntupro/.address: no such file or directory
2025-11-07T14:46:28.857104+00:00 ARPIT18 wsl-pro-service[191]: #033[33mWARNING#033[0m Daemon: could not connect to Windows Agent: could not get address: could not read agent port file "/mnt/c/Users/arpit/.ubuntupro/.address": open /mnt/c/Users/arpit/.ubuntupro/.address: no such file or directory
2025-11-07T14:47:27.704646+00:00 ARPIT18 wsl-pro-service[191]: #033[33mWARNING#033[0m Daemon: could not connect to Windows Agent: could not get address: could not read agent port file "/mnt/c/Users/arpit/.ubuntupro/.address": open /mnt/c/Users/arpit/.ubuntupro/.address: no such file or directory
2025-11-07T14:48:26.568192+00:00 ARPIT18 wsl-pro-service[191]: #033[33mWARNING#033[0m Daemon: could not connect to Windows Agent: could not get address: could not read agent port file "/mnt/c/Users/arpit/.ubuntupro/.address": open /mnt/c/Users/arpit/.ubuntupro/.address: no such file or directory
2025-11-07T14:49:25.415013+00:00 ARPIT18 wsl-pro-service[191]: #033[33mWARNING#033[0m Daemon: could not connect to Windows Agent: could not get address: could not read agent port file "/mnt/c/Users/arpit/.ubuntupro/.address": open /mnt/c/Users/arpit/.ubuntupro/.address: no such file or directory
2025-11-07T14:50:24.139794+00:00 ARPIT18 wsl-pro-service[191]: #033[33mWARNING#033[0m Daemon: could not connect to Windows Agent: could not get address: could not read agent port file "/mnt/c/Users/arpit/.ubuntupro/.address": open /mnt/c/Users/arpit/.ubuntupro/.address: no such file or directory
2025-11-07T14:51:22.962089+00:00 ARPIT18 wsl-pro-service[191]: #033[33mWARNING#033[0m Daemon: could not connect to Windows Agent: could not get address: could not read agent port file "/mnt/c/Users/arpit/.ubuntupro/.address": open /mnt/c/Users/arpit/.ubuntupro/.address: no such file or directory
2025-11-07T14:52:22.150299+00:00 ARPIT18 wsl-pro-service[191]: #033[33mWARNING#033[0m Daemon: could not connect to Windows Agent: could not get address: could not read agent port file "/mnt/c/Users/arpit/.ubuntupro/.address": open /mnt/c/Users/arpit/.ubuntupro/.address: no such file or directory
2025-11-07T14:53:20.951553+00:00 ARPIT18 wsl-pro-service[191]: #033[33mWARNING#033[0m Daemon: could not connect to Windows Agent: could not get address: could not read agent port file "/mnt/c/Users/arpit/.ubuntupro/.address": open /mnt/c/Users/arpit/.ubuntupro/.address: no such file or directory
2025-11-07T14:54:19.781208+00:00 ARPIT18 wsl-pro-service[191]: #033[33mWARNING#033[0m Daemon: could not connect to Windows Agent: could not get address: could not read agent port file "/mnt/c/Users/arpit/.ubuntupro/.address": open /mnt/c/Users/arpit/.ubuntupro/.address: no such file or directory
2025-11-07T14:55:18.529454+00:00 ARPIT18 wsl-pro-service[191]: #033[33mWARNING#033[0m Daemon: could not connect to Windows Agent: could not get address: could not read agent port file "/mnt/c/Users/arpit/.ubuntupro/.address": open /mnt/c/Users/arpit/.ubuntupro/.address: no such file or directory
2025-11-07T14:55:24.464283+00:00 ARPIT18 kernel: WSL (2 - init-systemd(Ubuntu)) WARNING: /usr/share/zoneinfo/Asia/Calcutta not found. Is the tzdata package installed?
2025-11-07T17:55:30.468611+00:00 ARPIT18 kernel: WSL (2 - init-systemd(Ubuntu)) WARNING: /usr/share/zoneinfo/Asia/Calcutta not found. Is the tzdata package installed?
2025-11-07T18:11:15.968458+00:00 ARPIT18 kernel: WSL (244) ERROR: CheckConnection: getaddrinfo() failed: -5
2025-11-08T06:18:32.936277+00:00 ARPIT18 kernel: Failed to register legacy timer interrupt
2025-11-08T06:18:32.936345+00:00 ARPIT18 kernel: Speculative Return Stack Overflow: WARNING: See https://kernel.org/doc/html/latest/admin-guide/hw-vuln/srso.html for mitigation options.
2025-11-08T06:18:32.936788+00:00 ARPIT18 kernel: ACPI: _OSC evaluation for CPUs failed, trying _PDC
2025-11-08T06:18:32.936925+00:00 ARPIT18 kernel: SGI XFS with ACLs, security attributes, realtime, verbose warnings, quota, no debug enabled
2025-11-08T06:18:32.937831+00:00 ARPIT18 kernel: RAS: Correctable Errors collector initialized.
2025-11-08T06:18:32.938090+00:00 ARPIT18 kernel: WSL (2 - init-systemd(Ubuntu)) WARNING: /usr/share/zoneinfo/Asia/Calcutta not found. Is the tzdata package installed?
2025-11-08T06:18:32.938090+00:00 ARPIT18 kernel: misc dxg: dxgk: dxgkio_is_feature_enabled: Ioctl failed: -22
2025-11-08T06:18:32.938102+00:00 ARPIT18 kernel: Failed to connect to bus: No such file or directory
2025-11-08T06:18:32.938144+00:00 ARPIT18 kernel: misc dxg: dxgk: dxgkio_query_adapter_info: Ioctl failed: -22
2025-11-08T06:18:32.938159+00:00 ARPIT18 kernel: message repeated 2 times: [ misc dxg: dxgk: dxgkio_query_adapter_info: Ioctl failed: -22]
2025-11-08T06:18:32.938162+00:00 ARPIT18 kernel: misc dxg: dxgk: dxgkio_query_adapter_info: Ioctl failed: -2
2025-11-08T06:18:32.938170+00:00 ARPIT18 kernel: misc dxg: dxgk: dxgkio_query_adapter_info: Ioctl failed: -22
2025-11-08T06:18:32.938172+00:00 ARPIT18 kernel: message repeated 2 times: [ misc dxg: dxgk: dxgkio_query_adapter_info: Ioctl failed: -22]
2025-11-08T06:18:32.938174+00:00 ARPIT18 kernel: misc dxg: dxgk: dxgkio_query_adapter_info: Ioctl failed: -2
2025-11-08T06:18:32.939042+00:00 ARPIT18 systemd[1]: apport-autoreport.path - Process error reports when automatic reporting is enabled (file watch) was skipped because of an unmet condition check (ConditionPathExists=/var/lib/apport/autoreport).
2025-11-08T06:18:32.939068+00:00 ARPIT18 systemd[1]: apport-autoreport.timer - Process error reports when automatic reporting is enabled (timer based) was skipped because of an unmet condition check (ConditionPathExists=/var/lib/apport/autoreport).
2025-11-08T06:18:33.251941+00:00 ARPIT18 wsl-pro-service[176]: #033[33mWARNING#033[0m Daemon: could not connect to Windows Agent: could not get address: could not read agent port file "/mnt/c/Users/arpit/.ubuntupro/.address": open /mnt/c/Users/arpit/.ubuntupro/.address: no such file or directory
2025-11-08T06:18:34.260143+00:00 ARPIT18 wsl-pro-service[176]: #033[33mWARNING#033[0m Daemon: could not connect to Windows Agent: could not get address: could not read agent port file "/mnt/c/Users/arpit/.ubuntupro/.address": open /mnt/c/Users/arpit/.ubuntupro/.address: no such file or directory
2025-11-08T06:18:36.266224+00:00 ARPIT18 wsl-pro-service[176]: #033[33mWARNING#033[0m Daemon: could not connect to Windows Agent: could not get address: could not read agent port file "/mnt/c/Users/arpit/.ubuntupro/.address": open /mnt/c/Users/arpit/.ubuntupro/.address: no such file or directory
2025-11-08T06:18:40.274588+00:00 ARPIT18 wsl-pro-service[176]: #033[33mWARNING#033[0m Daemon: could not connect to Windows Agent: could not get address: could not read agent port file "/mnt/c/Users/arpit/.ubuntupro/.address": open /mnt/c/Users/arpit/.ubuntupro/.address: no such file or directory
2025-11-08T06:18:48.287360+00:00 ARPIT18 wsl-pro-service[176]: #033[33mWARNING#033[0m Daemon: could not connect to Windows Agent: could not get address: could not read agent port file "/mnt/c/Users/arpit/.ubuntupro/.address": open /mnt/c/Users/arpit/.ubuntupro/.address: no such file or directory
2025-11-08T06:19:01.899783+00:00 ARPIT18 kernel: WSL (244) ERROR: CheckConnection: getaddrinfo() failed: -5
2025-11-08T06:19:04.392864+00:00 ARPIT18 wsl-pro-service[176]: #033[33mWARNING#033[0m Daemon: could not connect to Windows Agent: could not get address: could not read agent port file "/mnt/c/Users/arpit/.ubuntupro/.address": open /mnt/c/Users/arpit/.ubuntupro/.address: no such file or directory
2025-11-08T06:19:35.268198+00:00 ARPIT18 wsl-pro-service[176]: #033[33mWARNING#033[0m Daemon: could not connect to Windows Agent: could not get address: could not read agent port file "/mnt/c/Users/arpit/.ubuntupro/.address": open /mnt/c/Users/arpit/.ubuntupro/.address: no such file or directory
2025-11-08T06:20:34.253616+00:00 ARPIT18 wsl-pro-service[176]: #033[33mWARNING#033[0m Daemon: could not connect to Windows Agent: could not get address: could not read agent port file "/mnt/c/Users/arpit/.ubuntupro/.address": open /mnt/c/Users/arpit/.ubuntupro/.address: no such file or directory
2025-11-08T06:21:32.148980+00:00 ARPIT18 wsl-pro-service[176]: #033[33mWARNING#033[0m Daemon: could not connect to Windows Agent: could not get address: could not read agent port file "/mnt/c/Users/arpit/.ubuntupro/.address": open /mnt/c/Users/arpit/.ubuntupro/.address: no such file or directory
2025-11-08T06:22:29.752058+00:00 ARPIT18 wsl-pro-service[176]: #033[33mWARNING#033[0m Daemon: could not connect to Windows Agent: could not get address: could not read agent port file "/mnt/c/Users/arpit/.ubuntupro/.address": open /mnt/c/Users/arpit/.ubuntupro/.address: no such file or directory
2025-11-08T06:23:27.419383+00:00 ARPIT18 wsl-pro-service[176]: #033[33mWARNING#033[0m Daemon: could not connect to Windows Agent: could not get address: could not read agent port file "/mnt/c/Users/arpit/.ubuntupro/.address": open /mnt/c/Users/arpit/.ubuntupro/.address: no such file or directory
2025-11-08T06:24:25.196157+00:00 ARPIT18 wsl-pro-service[176]: #033[33mWARNING#033[0m Daemon: could not connect to Windows Agent: could not get address: could not read agent port file "/mnt/c/Users/arpit/.ubuntupro/.address": open /mnt/c/Users/arpit/.ubuntupro/.address: no such file or directory
2025-11-08T06:25:22.871688+00:00 ARPIT18 wsl-pro-service[176]: #033[33mWARNING#033[0m Daemon: could not connect to Windows Agent: could not get address: could not read agent port file "/mnt/c/Users/arpit/.ubuntupro/.address": open /mnt/c/Users/arpit/.ubuntupro/.address: no such file or directory
2025-11-08T06:26:20.603810+00:00 ARPIT18 wsl-pro-service[176]: #033[33mWARNING#033[0m Daemon: could not connect to Windows Agent: could not get address: could not read agent port file "/mnt/c/Users/arpit/.ubuntupro/.address": open /mnt/c/Users/arpit/.ubuntupro/.address: no such file or directory
2025-11-08T06:27:19.526125+00:00 ARPIT18 wsl-pro-service[176]: #033[33mWARNING#033[0m Daemon: could not connect to Windows Agent: could not get address: could not read agent port file "/mnt/c/Users/arpit/.ubuntupro/.address": open /mnt/c/Users/arpit/.ubuntupro/.address: no such file or directory
2025-11-08T06:28:05.261519+00:00 ARPIT18 python3[578]: ["2025-11-08T06:28:05.260", "WARNING", "ubuntupro.system", "get_kernel_info", 166, "failed to process /proc/version_signature.", {}]
2025-11-08T06:28:05.266755+00:00 ARPIT18 python3[578]: ["2025-11-08T06:28:05.266", "WARNING", "ubuntupro.system", "get_kernel_info", 175, "Failed to parse kernel: 6.6.87.2-microsoft-standard-WSL2", {}]
2025-11-08T06:28:06.467770+00:00 ARPIT18 python3[578]: ["2025-11-08T06:28:06.466", "WARNING", "ubuntupro.livepatch", "on_supported_kernel", 334, "unable to determine enough kernel information to check livepatch support", {}]
2025-11-08T06:28:17.388989+00:00 ARPIT18 wsl-pro-service[176]: #033[33mWARNING#033[0m Daemon: could not connect to Windows Agent: could not get address: could not read agent port file "/mnt/c/Users/arpit/.ubuntupro/.address": open /mnt/c/Users/arpit/.ubuntupro/.address: no such file or directory
2025-11-08T06:29:14.946710+00:00 ARPIT18 wsl-pro-service[176]: #033[33mWARNING#033[0m Daemon: could not connect to Windows Agent: could not get address: could not read agent port file "/mnt/c/Users/arpit/.ubuntupro/.address": open /mnt/c/Users/arpit/.ubuntupro/.address: no such file or directory
2025-11-08T06:29:41.748439+00:00 ARPIT18 wsl-pro-service[2262]: #033[33mWARNING#033[0m Could not ensure valid Landscape configuration: could not ensure valid Landscape configuration: could not register distro to Landscape: could not enable Landscape: /usr/bin/landscape-config: error: exit status 2.
2025-11-08T06:29:41.748812+00:00 ARPIT18 wsl-pro-service[2262]: landscape-config: error: no such option: --register-if-needed
2025-11-08T06:29:41.749792+00:00 ARPIT18 wsl-pro-service[2262]: #033[33mWARNING#033[0m Daemon: could not connect to Windows Agent: could not get address: could not read agent port file "/mnt/c/Users/arpit/.ubuntupro/.address": open /mnt/c/Users/arpit/.ubuntupro/.address: no such file or directory
2025-11-08T06:29:42.751575+00:00 ARPIT18 wsl-pro-service[2262]: #033[33mWARNING#033[0m Daemon: could not connect to Windows Agent: could not get address: could not read agent port file "/mnt/c/Users/arpit/.ubuntupro/.address": open /mnt/c/Users/arpit/.ubuntupro/.address: no such file or directory
2025-11-08T06:29:44.754171+00:00 ARPIT18 wsl-pro-service[2262]: #033[33mWARNING#033[0m Daemon: could not connect to Windows Agent: could not get address: could not read agent port file "/mnt/c/Users/arpit/.ubuntupro/.address": open /mnt/c/Users/arpit/.ubuntupro/.address: no such file or directory
2025-11-08T06:29:48.121490+00:00 ARPIT18 wsl-pro-service[2262]: #033[33mWARNING#033[0m Daemon: could not connect to Windows Agent: could not get address: could not read agent port file "/mnt/c/Users/arpit/.ubuntupro/.address": open /mnt/c/Users/arpit/.ubuntupro/.address: no such file or directory
2025-11-08T06:29:56.172432+00:00 ARPIT18 wsl-pro-service[2262]: #033[33mWARNING#033[0m Daemon: could not connect to Windows Agent: could not get address: could not read agent port file "/mnt/c/Users/arpit/.ubuntupro/.address": open /mnt/c/Users/arpit/.ubuntupro/.address: no such file or directory
2025-11-08T06:30:12.215957+00:00 ARPIT18 wsl-pro-service[2262]: #033[33mWARNING#033[0m Daemon: could not connect to Windows Agent: could not get address: could not read agent port file "/mnt/c/Users/arpit/.ubuntupro/.address": open /mnt/c/Users/arpit/.ubuntupro/.address: no such file or directory
2025-11-08T06:30:43.107219+00:00 ARPIT18 wsl-pro-service[2262]: #033[33mWARNING#033[0m Daemon: could not connect to Windows Agent: could not get address: could not read agent port file "/mnt/c/Users/arpit/.ubuntupro/.address": open /mnt/c/Users/arpit/.ubuntupro/.address: no such file or directory
2025-11-08T06:31:40.856830+00:00 ARPIT18 wsl-pro-service[2262]: #033[33mWARNING#033[0m Daemon: could not connect to Windows Agent: could not get address: could not read agent port file "/mnt/c/Users/arpit/.ubuntupro/.address": open /mnt/c/Users/arpit/.ubuntupro/.address: no such file or directory
2025-11-08T06:32:38.534511+00:00 ARPIT18 wsl-pro-service[2262]: #033[33mWARNING#033[0m Daemon: could not connect to Windows Agent: could not get address: could not read agent port file "/mnt/c/Users/arpit/.ubuntupro/.address": open /mnt/c/Users/arpit/.ubuntupro/.address: no such file or directory
2025-11-08T06:33:36.320019+00:00 ARPIT18 wsl-pro-service[2262]: #033[33mWARNING#033[0m Daemon: could not connect to Windows Agent: could not get address: could not read agent port file "/mnt/c/Users/arpit/.ubuntupro/.address": open /mnt/c/Users/arpit/.ubuntupro/.address: no such file or directory
2025-11-08T06:34:33.941742+00:00 ARPIT18 wsl-pro-service[2262]: #033[33mWARNING#033[0m Daemon: could not connect to Windows Agent: could not get address: could not read agent port file "/mnt/c/Users/arpit/.ubuntupro/.address": open /mnt/c/Users/arpit/.ubuntupro/.address: no such file or directory
2025-11-08T06:35:31.458437+00:00 ARPIT18 wsl-pro-service[2262]: #033[33mWARNING#033[0m Daemon: could not connect to Windows Agent: could not get address: could not read agent port file "/mnt/c/Users/arpit/.ubuntupro/.address": open /mnt/c/Users/arpit/.ubuntupro/.address: no such file or directory
2025-11-08T06:36:30.322685+00:00 ARPIT18 wsl-pro-service[2262]: #033[33mWARNING#033[0m Daemon: could not connect to Windows Agent: could not get address: could not read agent port file "/mnt/c/Users/arpit/.ubuntupro/.address": open /mnt/c/Users/arpit/.ubuntupro/.address: no such file or directory
2025-11-08T06:37:27.417384+00:00 ARPIT18 wsl-pro-service[2262]: #033[33mWARNING#033[0m Daemon: could not connect to Windows Agent: could not get address: could not read agent port file "/mnt/c/Users/arpit/.ubuntupro/.address": open /mnt/c/Users/arpit/.ubuntupro/.address: no such file or directory
2025-11-08T06:38:25.071115+00:00 ARPIT18 wsl-pro-service[2262]: #033[33mWARNING#033[0m Daemon: could not connect to Windows Agent: could not get address: could not read agent port file "/mnt/c/Users/arpit/.ubuntupro/.address": open /mnt/c/Users/arpit/.ubuntupro/.address: no such file or directory
2025-11-08T06:39:22.271721+00:00 ARPIT18 wsl-pro-service[2262]: #033[33mWARNING#033[0m Daemon: could not connect to Windows Agent: could not get address: could not read agent port file "/mnt/c/Users/arpit/.ubuntupro/.address": open /mnt/c/Users/arpit/.ubuntupro/.address: no such file or directory
2025-11-08T06:40:19.691084+00:00 ARPIT18 wsl-pro-service[2262]: #033[33mWARNING#033[0m Daemon: could not connect to Windows Agent: could not get address: could not read agent port file "/mnt/c/Users/arpit/.ubuntupro/.address": open /mnt/c/Users/arpit/.ubuntupro/.address: no such file or directory
2025-11-08T06:40:19.691256+00:00 ARPIT18 wsl-pro-service[2262]: #033[33mWARNING#033[0m Exiting after could not ensure valid Landscape configuration: could not register distro to Landscape: could not enable Landscape: /usr/bin/landscape-config: error: exit status 2.
2025-11-08T06:40:19.691404+00:00 ARPIT18 wsl-pro-service[2262]: landscape-config: error: no such option: --register-if-needed
